 gcc -g p5original.c
 ./a.out
enter the two numbers whose hcf has to be found->3
enter the two numbers whose hcf has to be found->5
the G.C.D o the two numbers 3 and 5 is 1 
 gdb a.out
GNU gdb (Ubuntu 8.1.1-0ubuntu1) 8.1.1
Copyright (C) 2018 Free Software Foundation, Inc.
License GPLv3+: GNU GPL version 3 or later <http://gnu.org/licenses/gpl.html>
This is free software: you are free to change and redistribute it.
There is NO WARRANTY, to the extent permitted by law.  Type "show copying"
and "show warranty" for details.
This GDB was configured as "x86_64-linux-gnu".
Type "show configuration" for configuration details.
For bug reporting instructions, please see:
<http://www.gnu.org/software/gdb/bugs/>.
Find the GDB manual and other documentation resources online at:
<http://www.gnu.org/software/gdb/documentation/>.
For help, type "help".
Type "apropos word" to search for commands related to "word"...
Reading symbols from a.out...done.
(gdb) b main
Breakpoint 1 at 0x7f7: file p5original.c, line 23.
(gdb) r
Starting program: /home/runner/ppa-IA2-practice2-1/a.out 
warning: Error disabling address space randomization: Operation not permitted

Breakpoint 1, main () at p5original.c:23
23    a=input();
(gdb) n
enter the two numbers whose hcf has to be found->n
24    b=input();
(gdb) n
25    final=gcd(a,b);
(gdb) n
26    output(a,b,final);
(gdb) n
27    return 0;
(gdb) n
28    }
