 gcc -g p7original.c
 ./a.out
Enter the base, altitude of a triangle:
6
7
The area of triangle with base = 6.000000 and altitude = 7.000000 is 21.000000
 gdb a.out
GNU gdb (Ubuntu 8.1.1-0ubuntu1) 8.1.1
Copyright (C) 2018 Free Software Foundation, Inc.
License GPLv3+: GNU GPL version 3 or later <http://gnu.org/licenses/gpl.html>
This is free software: you are free to change and redistribute it.
There is NO WARRANTY, to the extent permitted by law.  Type "show copying"
and "show warranty" for details.
This GDB was configured as "x86_64-linux-gnu".
Type "show configuration" for configuration details.
For bug reporting instructions, please see:
<http://www.gnu.org/software/gdb/bugs/>.
Find the GDB manual and other documentation resources online at:
<http://www.gnu.org/software/gdb/documentation/>.
For help, type "help".
Type "apropos word" to search for commands related to "word"...
Reading symbols from a.out...done.
(gdb) b main
Breakpoint 1 at 0x877: file p7original.c, line 27.
(gdb) r
Starting program: /home/runner/ppa-IA2-practice2-1/a.out 
warning: Error disabling address space randomization: Operation not permitted

Breakpoint 1, main () at p7original.c:27
27  {
(gdb) n
28    Triangle t = input_triangle();
(gdb) n
Enter the base, altitude of a triangle:
n
29    find_area(&t);
(gdb) n
30    output(t);
(gdb) n
The area of triangle with base = 0.000000 and altitude = 0.000000 is 0.000000
31    return 0;
(gdb) n
32  }
(gdb) n
__libc_start_main (main=0x55d821e0086f <main>, argc=1, argv=0x7fffbbf27e98, 
    init=<optimized out>, fini=<optimized out>, rtld_fini=<optimized out>, 
    stack_end=0x7fffbbf27e88) at ../csu/libc-start.c:344
344 ../csu/libc-start.c: No such file or directory.
(gdb) 
